// Jest Snapshot v1, https://goo.gl/fbAQLP

exports[`matches snapshot for no reviews 1`] = `
<DocumentFragment>
  <div>
    <h4>
      REVIEWS
    </h4>
    <div>
      <p
        class="MuiTypography-root MuiTypography-body1"
      >
        Hmm... looks like no one has reviewed this location yet.
      </p>
    </div>
  </div>
</DocumentFragment>
`;

exports[`matches snapshot with reviews 1`] = `
<DocumentFragment>
  <div>
    <h4>
      REVIEWS
    </h4>
    <div>
      <div>
        <h6
          class="MuiTypography-root makeStyles-title-2 MuiTypography-h6"
        />
        <div
          class="MuiGrid-root MuiGrid-container"
        >
          <div
            align="left"
            class="MuiGrid-root MuiGrid-item MuiGrid-grid-xs-12"
          >
            <h6
              class="MuiTypography-root MuiTypography-subtitle2"
            >
              Date: 
            </h6>
          </div>
          <div
            class="MuiGrid-root MuiGrid-item MuiGrid-grid-xs-6"
          >
            <p
              class="MuiTypography-root MuiTypography-subtitle2"
            >
              Rating:  
              <img
                alt="rating icon"
              />
            </p>
          </div>
          <div
            align="right"
            class="MuiGrid-root MuiGrid-item MuiGrid-grid-xs-6"
          >
            <h6
              class="MuiTypography-root MuiTypography-subtitle2"
            >
              Trip type: 
            </h6>
          </div>
        </div>
        <p
          class="MuiTypography-root makeStyles-description-3 MuiTypography-body1"
        />
        <a
          aria-disabled="false"
          class="MuiTypography-root MuiLink-root MuiLink-underlineHover MuiButtonBase-root MuiButton-root MuiButton-text makeStyles-button-1 MuiButton-textPrimary MuiButton-textSizeSmall MuiButton-sizeSmall MuiTypography-colorPrimary"
          role="button"
          tabindex="0"
          target="_blank"
        >
          <span
            class="MuiButton-label"
          >
            Read more
          </span>
          <span
            class="MuiTouchRipple-root"
          />
        </a>
        <hr
          class="MuiDivider-root"
        />
      </div>
    </div>
  </div>
</DocumentFragment>
`;
